<div class='note note--default'> Hello bar </div>
<div class='note note--default'> Hello </div>
<div class='note note--default'> Hello </div>
<div class='note note--default'> Hello bar2 </div>