<h1>Posts: 3</h1>
<article>
	<h1>Post 1</h1>
	<p>Excerpt 1</p>
</article>
<article>
	<h1>Post 2</h1>
	<p>Excerpt 2</p>
</article>
<article>
	<h1>Post 3</h1>
	<p>Excerpt 3</p>
</article>